// Jest Snapshot v1, https://goo.gl/fbAQLP

exports[`My Test Activity test 1`] = `
<div
  className="activity"
  onClick={[Function]}
>
  <span
    title="Activity name"
  >
    Learn somethin new
  </span>
  <span
    className="activity-type"
    title="Type: education"
  >
    <div
      className="activity-type-indicator"
      style={
        Object {
          "backgroundColor": "#d8221c",
        }
      }
    />
  </span>
  <span
    title="The number of people that this activity could involve"
  >
    20
  </span>
  <span
    title="A factor describing how possible an event is to do with zero being the most accessible"
  >
    30
  </span>
  <span
    title="A factor describing the cost of the event with zero being free"
  >
    10
  </span>
</div>
`;
